Booting Linux on physical CPU 0x0
Initializing cgroup subsys cpuset
Initializing cgroup subsys cpu
Initializing cgroup subsys cpuacct
Linux version 4.4.50-v7+ (dc4@dc4-XPS13-9333) (gcc version 4.9.3 (crosstool-NG crosstool-ng-1.22.0-88-g8460611) ) #970 SMP Mon Feb 20 19:18:29 GMT 2017
CPU: ARMv7 Processor [410fd034] revision 4 (ARMv7), cr=10c5383d
CPU: PIPT / VIPT nonaliasing data cache, VIPT aliasing instruction cache
Machine model: Raspberry Pi 3 Model B Rev 1.2
cma: Reserved 8 MiB at 0x3a800000
Memory policy: Data cache writealloc
On node 0 totalpages: 241664
free_area_init_node: node 0, pgdat 808c5040, node_mem_map b9fa6000
  Normal zone: 2124 pages used for memmap
  Normal zone: 0 pages reserved
  Normal zone: 241664 pages, LIFO batch:31
[bcm2709_smp_init_cpus] enter (9520->f3003010)
[bcm2709_smp_init_cpus] ncores=4
PERCPU: Embedded 13 pages/cpu @b9f61000 s22592 r8192 d22464 u53248
pcpu-alloc: s22592 r8192 d22464 u53248 alloc=13*4096
pcpu-alloc: [0] 0 [0] 1 [0] 2 [0] 3 
Built 1 zonelists in Zone order, mobility grouping on.  Total pages: 239540
PID hash table entries: 4096 (order: 2, 16384 bytes)
Dentry cache hash table entries: 131072 (order: 7, 524288 bytes)
Inode-cache hash table entries: 65536 (order: 6, 262144 bytes)
Memory: 939060K/966656K available (6357K kernel code, 432K rwdata, 1716K rodata, 476K init, 764K bss, 19404K reserved, 8192K cma-reserved)
Virtual kernel memory layout:
    vector  : 0xffff0000 - 0xffff1000   (   4 kB)
    fixmap  : 0xffc00000 - 0xfff00000   (3072 kB)
    vmalloc : 0xbb800000 - 0xff800000   (1088 MB)
    lowmem  : 0x80000000 - 0xbb000000   ( 944 MB)
    modules : 0x7f000000 - 0x80000000   (  16 MB)
      .text : 0x80008000 - 0x807ea73c   (8074 kB)
      .init : 0x807eb000 - 0x80862000   ( 476 kB)
      .data : 0x80862000 - 0x808ce350   ( 433 kB)
       .bss : 0x808d1000 - 0x809901ec   ( 765 kB)
SLUB: HWalign=64, Order=0-3, MinObjects=0, CPUs=4, Nodes=1
Hierarchical RCU implementation.
	Build-time adjustment of leaf fanout to 32.
NR_IRQS:16 nr_irqs:16 16
Architected cp15 timer(s) running at 19.20MHz (phys).
clocksource: arch_sys_counter: mask: 0xffffffffffffff max_cycles: 0x46d987e47, max_idle_ns: 440795202767 ns
sched_clock: 56 bits at 19MHz, resolution 52ns, wraps every 4398046511078ns
Switching to timer-based delay loop, resolution 52ns
Console: colour dummy device 80x30
console [tty1] enabled
Calibrating delay loop (skipped), value calculated using timer frequency.. 38.40 BogoMIPS (lpj=192000)
pid_max: default: 32768 minimum: 301
Mount-cache hash table entries: 2048 (order: 1, 8192 bytes)
Mountpoint-cache hash table entries: 2048 (order: 1, 8192 bytes)
Disabling cpuset control group subsystem
Initializing cgroup subsys io
Initializing cgroup subsys memory
Initializing cgroup subsys devices
Initializing cgroup subsys freezer
Initializing cgroup subsys net_cls
CPU: Testing write buffer coherency: ok
ftrace: allocating 21246 entries in 63 pages
CPU0: update cpu_capacity 1024
CPU0: thread -1, cpu 0, socket 0, mpidr 80000000
[bcm2709_smp_prepare_cpus] enter
Setting up static identity map for 0x8240 - 0x8274
[bcm2709_boot_secondary] cpu:1 started (0) 17
[bcm2709_secondary_init] enter cpu:1
CPU1: update cpu_capacity 1024
CPU1: thread -1, cpu 1, socket 0, mpidr 80000001
[bcm2709_boot_secondary] cpu:2 started (0) 17
[bcm2709_secondary_init] enter cpu:2
CPU2: update cpu_capacity 1024
CPU2: thread -1, cpu 2, socket 0, mpidr 80000002
[bcm2709_boot_secondary] cpu:3 started (0) 15
[bcm2709_secondary_init] enter cpu:3
CPU3: update cpu_capacity 1024
CPU3: thread -1, cpu 3, socket 0, mpidr 80000003
Brought up 4 CPUs
SMP: Total of 4 processors activated (153.60 BogoMIPS).
CPU: All CPU(s) started in HYP mode.
CPU: Virtualization extensions available.
devtmpfs: initialized
VFP support v0.3: implementor 41 architecture 3 part 40 variant 3 rev 4
clocksource: jiffies: mask: 0xffffffff max_cycles: 0xffffffff, max_idle_ns: 19112604462750000 ns
pinctrl core: initialized pinctrl subsystem
NET: Registered protocol family 16
DMA: preallocated 4096 KiB pool for atomic coherent allocations
bcm2709: Mini UART enabled
hw-breakpoint: found 5 (+1 reserved) breakpoint and 4 watchpoint registers.
hw-breakpoint: maximum watchpoint size is 8 bytes.
uart-pl011 3f201000.uart: could not find pctldev for node /soc/gpio@7e200000/uart0_pins, deferring probe
bcm2835-mbox 3f00b880.mailbox: mailbox enabled
bcm2835-dma 3f007000.dma: DMA legacy API manager at f3007000, dmachans=0x1
SCSI subsystem initialized
usbcore: registered new interface driver usbfs
usbcore: registered new interface driver hub
usbcore: registered new device driver usb
raspberrypi-firmware soc:firmware: Attached to firmware from 2017-02-20 13:53
clocksource: Switched to clocksource arch_sys_counter
FS-Cache: Loaded
CacheFiles: Loaded
NET: Registered protocol family 2
TCP established hash table entries: 8192 (order: 3, 32768 bytes)
TCP bind hash table entries: 8192 (order: 4, 65536 bytes)
TCP: Hash tables configured (established 8192 bind 8192)
UDP hash table entries: 512 (order: 2, 16384 bytes)
UDP-Lite hash table entries: 512 (order: 2, 16384 bytes)
NET: Registered protocol family 1
RPC: Registered named UNIX socket transport module.
RPC: Registered udp transport module.
RPC: Registered tcp transport module.
RPC: Registered tcp NFSv4.1 backchannel transport module.
hw perfevents: enabled with armv7_cortex_a7 PMU driver, 7 counters available
futex hash table entries: 1024 (order: 4, 65536 bytes)
VFS: Disk quotas dquot_6.6.0
VFS: Dquot-cache hash table entries: 1024 (order 0, 4096 bytes)
FS-Cache: Netfs 'nfs' registered for caching
NFS: Registering the id_resolver key type
Key type id_resolver registered
Key type id_legacy registered
Block layer SCSI generic (bsg) driver version 0.4 loaded (major 252)
io scheduler noop registered
io scheduler deadline registered (default)
io scheduler cfq registered
BCM2708FB: allocated DMA memory fac10000
BCM2708FB: allocated DMA channel 0 @ f3007000
Console: switching to colour frame buffer device 160x64
3f215040.uart: ttyS0 at MMIO 0x3f215040 (irq = 59, base_baud = 31250000) is a 16550
bcm2835-rng 3f104000.rng: hwrng registered
vc-cma: Videocore CMA driver
vc-cma: vc_cma_base      = 0x00000000
vc-cma: vc_cma_size      = 0x00000000 (0 MiB)
vc-cma: vc_cma_initial   = 0x00000000 (0 MiB)
vc-mem: phys_addr:0x00000000 mem_base=0x3dc00000 mem_size:0x3f000000(1008 MiB)
brd: module loaded
loop: module loaded
vchiq: vchiq_init_state: slot_zero = 0xbac80000, is_master = 0
Loading iSCSI transport class v2.0-870.
usbcore: registered new interface driver smsc95xx
dwc_otg: version 3.00a 10-AUG-2012 (platform bus)
Core Release: 2.80a
Setting default values for core params
Finished setting default values for core params
Using Buffer DMA mode
Periodic Transfer Interrupt Enhancement - disabled
Multiprocessor Interrupt Enhancement - disabled
OTG VER PARAM: 0, OTG VER FLAG: 0
Dedicated Tx FIFOs mode
WARN::dwc_otg_hcd_init:1047: FIQ DMA bounce buffers: virt = 0xbac04000 dma = 0xfac04000 len=9024
FIQ FSM acceleration enabled for :
Non-periodic Split Transactions
Periodic Split Transactions
High-Speed Isochronous Endpoints
Interrupt/Control Split Transaction hack enabled
dwc_otg: Microframe scheduler enabled
WARN::hcd_init_fiq:415: FIQ on core 1 at 0x80448d28
WARN::hcd_init_fiq:416: FIQ ASM at 0x80449098 length 36
WARN::hcd_init_fiq:441: MPHI regs_base at 0xbb87e000
dwc_otg 3f980000.usb: DWC OTG Controller
dwc_otg 3f980000.usb: new USB bus registered, assigned bus number 1
dwc_otg 3f980000.usb: irq 62, io mem 0x00000000
Init: Port Power? op_state=1
Init: Power Port (0)
usb usb1: New USB device found, idVendor=1d6b, idProduct=0002
usb usb1: New USB device strings: Mfr=3, Product=2, SerialNumber=1
usb usb1: Product: DWC OTG Controller
usb usb1: Manufacturer: Linux 4.4.50-v7+ dwc_otg_hcd
usb usb1: SerialNumber: 3f980000.usb
hub 1-0:1.0: USB hub found
hub 1-0:1.0: 1 port detected
dwc_otg: FIQ enabled
dwc_otg: NAK holdoff enabled
dwc_otg: FIQ split-transaction FSM enabled
Module dwc_common_port init
usbcore: registered new interface driver usb-storage
mousedev: PS/2 mouse device common for all mice
bcm2835-cpufreq: min=600000 max=1200000
sdhci: Secure Digital Host Controller Interface driver
sdhci: Copyright(c) Pierre Ossman
sdhost: log_buf @ bac07000 (fac07000)
mmc0: sdhost-bcm2835 loaded - DMA enabled (>1)
mmc-bcm2835 3f300000.mmc: mmc_debug:0 mmc_debug2:0
mmc-bcm2835 3f300000.mmc: DMA channel allocated
sdhci-pltfm: SDHCI platform and OF driver helper
ledtrig-cpu: registered to indicate activity on CPUs
hidraw: raw HID events driver (C) Jiri Kosina
usbcore: registered new interface driver usbhid
usbhid: USB HID core driver
Initializing XFRM netlink socket
mmc0: host does not support reading read-only switch, assuming write-enable
mmc0: new high speed SDHC card at address aaaa
mmcblk0: mmc0:aaaa SU16G 14.8 GiB
 mmcblk0: p1 p2 < p5 p6 p7 >
mmc1: queuing unknown CIS tuple 0x80 (2 bytes)
mmc1: queuing unknown CIS tuple 0x80 (3 bytes)
mmc1: queuing unknown CIS tuple 0x80 (3 bytes)
mmc1: queuing unknown CIS tuple 0x80 (7 bytes)
NET: Registered protocol family 17
Indeed it is in host mode hprt0 = 00021501
Key type dns_resolver registered
Registering SWP/SWPB emulation handler
registered taskstats version 1
vc-sm: Videocore shared memory driver
[vc_sm_connected_init]: start
[vc_sm_connected_init]: end - returning 0
3f201000.uart: ttyAMA0 at MMIO 0x3f201000 (irq = 87, base_baud = 0) is a PL011 rev2
of_cfs_init
mmc1: new high speed SDIO card at address 0001
of_cfs_init: OK
EXT4-fs (mmcblk0p7): mounted filesystem with ordered data mode. Opts: (null)
VFS: Mounted root (ext4 filesystem) readonly on device 179:7.
devtmpfs: mounted
Freeing unused kernel memory: 476K (807eb000 - 80862000)
usb 1-1: new high-speed USB device number 2 using dwc_otg
Indeed it is in host mode hprt0 = 00001101
usb 1-1: New USB device found, idVendor=0424, idProduct=9514
usb 1-1: New USB device strings: Mfr=0, Product=0, SerialNumber=0
random: systemd: uninitialized urandom read (16 bytes read, 43 bits of entropy available)
hub 1-1:1.0: USB hub found
hub 1-1:1.0: 5 ports detected
systemd[1]: systemd 215 running in system mode. (+PAM +AUDIT +SELINUX +IMA +SYSVINIT +LIBCRYPTSETUP +GCRYPT +ACL +XZ -SECCOMP -APPARMOR)
systemd[1]: Detected architecture 'arm'.
NET: Registered protocol family 10
systemd[1]: Inserted module 'ipv6'
systemd[1]: Set hostname to <raspberrypi>.
usb 1-1.1: new high-speed USB device number 3 using dwc_otg
random: systemd-sysv-ge: uninitialized urandom read (16 bytes read, 68 bits of entropy available)
usb 1-1.1: New USB device found, idVendor=0424, idProduct=ec00
usb 1-1.1: New USB device strings: Mfr=0, Product=0, SerialNumber=0
smsc95xx v1.0.4
random: systemd: uninitialized urandom read (16 bytes read, 71 bits of entropy available)
random: systemd: uninitialized urandom read (16 bytes read, 72 bits of entropy available)
random: systemd: uninitialized urandom read (16 bytes read, 72 bits of entropy available)
random: systemd: uninitialized urandom read (16 bytes read, 73 bits of entropy available)
random: systemd: uninitialized urandom read (16 bytes read, 73 bits of entropy available)
smsc95xx 1-1.1:1.0 eth0: register 'smsc95xx' at usb-3f980000.usb-1.1, smsc95xx USB 2.0 Ethernet, b8:27:eb:0f:d2:37
random: systemd: uninitialized urandom read (16 bytes read, 75 bits of entropy available)
random: systemd: uninitialized urandom read (16 bytes read, 75 bits of entropy available)
random: systemd: uninitialized urandom read (16 bytes read, 75 bits of entropy available)
usb 1-1.5: new full-speed USB device number 4 using dwc_otg
systemd[1]: Cannot add dependency job for unit regenerate_ssh_host_keys.service, ignoring: Unit regenerate_ssh_host_keys.service failed to load: No such file or directory.
usb 1-1.5: New USB device found, idVendor=413c, idProduct=1002
usb 1-1.5: New USB device strings: Mfr=1, Product=2, SerialNumber=0
usb 1-1.5: Product: Dell USB Keyboard Hub
usb 1-1.5: Manufacturer: Dell
systemd[1]: Cannot add dependency job for unit display-manager.service, ignoring: Unit display-manager.service failed to load: No such file or directory.
hub 1-1.5:1.0: USB hub found
hub 1-1.5:1.0: 3 ports detected
systemd[1]: Starting Forward Password Requests to Wall Directory Watch.
systemd[1]: Started Forward Password Requests to Wall Directory Watch.
systemd[1]: Starting Remote File Systems (Pre).
systemd[1]: Reached target Remote File Systems (Pre).
systemd[1]: Starting Encrypted Volumes.
systemd[1]: Reached target Encrypted Volumes.
systemd[1]: Starting Arbitrary Executable File Formats File System Automount Point.
systemd[1]: Set up automount Arbitrary Executable File Formats File System Automount Point.
systemd[1]: Starting Swap.
systemd[1]: Reached target Swap.
systemd[1]: Expecting device dev-mmcblk0p6.device...
systemd[1]: Starting Root Slice.
systemd[1]: Created slice Root Slice.
systemd[1]: Starting /dev/initctl Compatibility Named Pipe.
systemd[1]: Listening on /dev/initctl Compatibility Named Pipe.
systemd[1]: Starting Delayed Shutdown Socket.
systemd[1]: Listening on Delayed Shutdown Socket.
systemd[1]: Starting Journal Socket (/dev/log).
usb 1-1.5.1: new full-speed USB device number 5 using dwc_otg
systemd[1]: Listening on Journal Socket (/dev/log).
systemd[1]: Starting User and Session Slice.
systemd[1]: Created slice User and Session Slice.
systemd[1]: Starting udev Control Socket.
systemd[1]: Listening on udev Control Socket.
systemd[1]: Starting udev Kernel Socket.
systemd[1]: Listening on udev Kernel Socket.
systemd[1]: Starting Journal Socket.
systemd[1]: Listening on Journal Socket.
usb 1-1.5.1: New USB device found, idVendor=413c, idProduct=2002
usb 1-1.5.1: New USB device strings: Mfr=1, Product=2, SerialNumber=0
usb 1-1.5.1: Product: Dell USB Keyboard Hub
usb 1-1.5.1: Manufacturer: Dell
systemd[1]: Starting System Slice.
input: Dell Dell USB Keyboard Hub as /devices/platform/soc/3f980000.usb/usb1/1-1/1-1.5/1-1.5.1/1-1.5.1:1.0/0003:413C:2002.0001/input/input0
systemd[1]: Created slice System Slice.
systemd[1]: Starting system-systemd\x2dfsck.slice.
systemd[1]: Created slice system-systemd\x2dfsck.slice.
systemd[1]: Starting Increase datagram queue length...
hid-generic 0003:413C:2002.0001: input,hidraw0: USB HID v1.10 Keyboard [Dell Dell USB Keyboard Hub] on usb-3f980000.usb-1.5.1/input0
input: Dell Dell USB Keyboard Hub as /devices/platform/soc/3f980000.usb/usb1/1-1/1-1.5/1-1.5.1/1-1.5.1:1.1/0003:413C:2002.0002/input/input1
systemd[1]: Starting Restore / save the current clock...
hid-generic 0003:413C:2002.0002: input,hidraw1: USB HID v1.10 Device [Dell Dell USB Keyboard Hub] on usb-3f980000.usb-1.5.1/input1
systemd[1]: Mounting Debug File System...
systemd[1]: Starting Create list of required static device nodes for the current kernel...
systemd[1]: Mounting POSIX Message Queue File System...
systemd[1]: Mounted Huge Pages File System.
systemd[1]: Starting udev Coldplug all Devices...
systemd[1]: Started Set Up Additional Binary Formats.
systemd[1]: Starting Load Kernel Modules...
systemd[1]: Starting system-getty.slice.
systemd[1]: Created slice system-getty.slice.
systemd[1]: Starting File System Check on Root Device...
fuse init (API version 7.23)
i2c /dev entries driver
systemd[1]: Starting Slices.
systemd[1]: Reached target Slices.
systemd[1]: Mounted POSIX Message Queue File System.
systemd[1]: Mounted Debug File System.
systemd[1]: Started Increase datagram queue length.
systemd[1]: Started Restore / save the current clock.
systemd[1]: Started Create list of required static device nodes for the current kernel.
systemd[1]: Started Load Kernel Modules.
systemd[1]: Started File System Check on Root Device.
systemd[1]: Time has been changed
systemd[1]: Started udev Coldplug all Devices.
systemd[1]: Starting Apply Kernel Variables...
systemd[1]: Mounting Configuration File System...
systemd[1]: Mounting FUSE Control File System...
systemd[1]: Starting Create Static Device Nodes in /dev...
systemd[1]: Starting Syslog Socket.
systemd[1]: Listening on Syslog Socket.
systemd[1]: Starting Journal Service...
systemd[1]: Started Journal Service.
systemd-udevd[139]: starting version 215
bcm2835-wdt 3f100000.watchdog: Broadcom BCM2835 watchdog timer
gpiomem-bcm2835 3f200000.gpiomem: Initialised: Registers at 0x3f200000
bcm2708_i2c 3f804000.i2c: BSC1 Controller at 0x3f804000 (irq 83) (baudrate 100000)
EXT4-fs (mmcblk0p7): re-mounted. Opts: (null)
rtc-pcf8523 1-0068: rtc core: registered rtc-pcf8523 as rtc0
usbcore: registered new interface driver brcmfmac
random: nonblocking pool is initialized
brcmfmac: brcmf_c_preinit_dcmds: Firmware version = wl0: May 27 2016 00:13:38 version 7.45.41.26 (r640327) FWID 01-df77e4a7
brcmfmac: brcmf_cfg80211_reg_notifier: not a ISO3166 code
brcmfmac: brcmf_cfg80211_reg_notifier: not a ISO3166 code
cfg80211: World regulatory domain updated:
cfg80211:  DFS Master region: unset
cfg80211:   (start_freq - end_freq @ bandwidth), (max_antenna_gain, max_eirp), (dfs_cac_time)
cfg80211:   (2402000 KHz - 2472000 KHz @ 40000 KHz), (N/A, 2000 mBm), (N/A)
cfg80211:   (2457000 KHz - 2482000 KHz @ 20000 KHz, 92000 KHz AUTO), (N/A, 2000 mBm), (N/A)
cfg80211:   (2474000 KHz - 2494000 KHz @ 20000 KHz), (N/A, 2000 mBm), (N/A)
cfg80211:   (5170000 KHz - 5250000 KHz @ 80000 KHz, 160000 KHz AUTO), (N/A, 2000 mBm), (N/A)
cfg80211:   (5250000 KHz - 5330000 KHz @ 80000 KHz, 160000 KHz AUTO), (N/A, 2000 mBm), (0 s)
cfg80211:   (5490000 KHz - 5730000 KHz @ 160000 KHz), (N/A, 2000 mBm), (0 s)
cfg80211:   (5735000 KHz - 5835000 KHz @ 80000 KHz), (N/A, 2000 mBm), (N/A)
cfg80211:   (57240000 KHz - 63720000 KHz @ 2160000 KHz), (N/A, 0 mBm), (N/A)
systemd-journald[137]: Received request to flush runtime journal from PID 1
brcmfmac: brcmf_add_if: ERROR: netdev:wlan0 already exists
brcmfmac: brcmf_add_if: ignore IF event
IPv6: ADDRCONF(NETDEV_UP): wlan0: link is not ready
brcmfmac: power management disabled
cfg80211: Regulatory domain changed to country: US
cfg80211:  DFS Master region: FCC
cfg80211:   (start_freq - end_freq @ bandwidth), (max_antenna_gain, max_eirp), (dfs_cac_time)
cfg80211:   (2402000 KHz - 2472000 KHz @ 40000 KHz), (N/A, 3000 mBm), (N/A)
cfg80211:   (5170000 KHz - 5250000 KHz @ 80000 KHz, 160000 KHz AUTO), (N/A, 2300 mBm), (N/A)
cfg80211:   (5250000 KHz - 5330000 KHz @ 80000 KHz, 160000 KHz AUTO), (N/A, 2300 mBm), (0 s)
cfg80211:   (5490000 KHz - 5730000 KHz @ 160000 KHz), (N/A, 2300 mBm), (0 s)
cfg80211:   (5735000 KHz - 5835000 KHz @ 80000 KHz), (N/A, 3000 mBm), (N/A)
cfg80211:   (57240000 KHz - 63720000 KHz @ 2160000 KHz), (N/A, 4000 mBm), (N/A)
uart-pl011 3f201000.uart: no DMA platform data
IPv6: ADDRCONF(NETDEV_CHANGE): wlan0: link becomes ready
cfg80211: Regulatory domain changed to country: US
cfg80211:  DFS Master region: FCC
cfg80211:   (start_freq - end_freq @ bandwidth), (max_antenna_gain, max_eirp), (dfs_cac_time)
cfg80211:   (2402000 KHz - 2472000 KHz @ 40000 KHz), (N/A, 3000 mBm), (N/A)
cfg80211:   (5170000 KHz - 5250000 KHz @ 80000 KHz, 160000 KHz AUTO), (N/A, 2300 mBm), (N/A)
cfg80211:   (5250000 KHz - 5330000 KHz @ 80000 KHz, 160000 KHz AUTO), (N/A, 2300 mBm), (0 s)
cfg80211:   (5490000 KHz - 5730000 KHz @ 160000 KHz), (N/A, 2300 mBm), (0 s)
cfg80211:   (5735000 KHz - 5835000 KHz @ 80000 KHz), (N/A, 3000 mBm), (N/A)
cfg80211:   (57240000 KHz - 63720000 KHz @ 2160000 KHz), (N/A, 4000 mBm), (N/A)
Adding 102396k swap on /var/swap.  Priority:-1 extents:2 across:110588k SSFS
smsc95xx 1-1.1:1.0 eth0: hardware isn't capable of remote wakeup
IPv6: ADDRCONF(NETDEV_UP): eth0: link is not ready
IPv6: ADDRCONF(NETDEV_CHANGE): eth0: link becomes ready
smsc95xx 1-1.1:1.0 eth0: link up, 100Mbps, full-duplex, lpa 0xCDE1
Bluetooth: Core ver 2.21
NET: Registered protocol family 31
Bluetooth: HCI device and connection manager initialized
Bluetooth: HCI socket layer initialized
Bluetooth: L2CAP socket layer initialized
Bluetooth: SCO socket layer initialized
Bluetooth: HCI UART driver ver 2.3
Bluetooth: HCI UART protocol H4 registered
Bluetooth: HCI UART protocol Three-wire (H5) registered
Bluetooth: HCI UART protocol BCM registered
Bluetooth: BNEP (Ethernet Emulation) ver 1.3
Bluetooth: BNEP filters: protocol multicast
Bluetooth: BNEP socket layer initialized
brcmfmac: brcmf_cfg80211_reg_notifier: not a ISO3166 code
cfg80211: World regulatory domain updated:
cfg80211:  DFS Master region: unset
cfg80211:   (start_freq - end_freq @ bandwidth), (max_antenna_gain, max_eirp), (dfs_cac_time)
cfg80211:   (2402000 KHz - 2472000 KHz @ 40000 KHz), (N/A, 2000 mBm), (N/A)
cfg80211:   (2457000 KHz - 2482000 KHz @ 20000 KHz, 92000 KHz AUTO), (N/A, 2000 mBm), (N/A)
cfg80211:   (2474000 KHz - 2494000 KHz @ 20000 KHz), (N/A, 2000 mBm), (N/A)
cfg80211:   (5170000 KHz - 5250000 KHz @ 80000 KHz, 160000 KHz AUTO), (N/A, 2000 mBm), (N/A)
cfg80211:   (5250000 KHz - 5330000 KHz @ 80000 KHz, 160000 KHz AUTO), (N/A, 2000 mBm), (0 s)
cfg80211:   (5490000 KHz - 5730000 KHz @ 160000 KHz), (N/A, 2000 mBm), (0 s)
cfg80211:   (5735000 KHz - 5835000 KHz @ 80000 KHz), (N/A, 2000 mBm), (N/A)
cfg80211:   (57240000 KHz - 63720000 KHz @ 2160000 KHz), (N/A, 0 mBm), (N/A)
cfg80211: Regulatory domain changed to country: US
cfg80211:  DFS Master region: FCC
cfg80211:   (start_freq - end_freq @ bandwidth), (max_antenna_gain, max_eirp), (dfs_cac_time)
cfg80211:   (2402000 KHz - 2472000 KHz @ 40000 KHz), (N/A, 3000 mBm), (N/A)
cfg80211:   (5170000 KHz - 5250000 KHz @ 80000 KHz, 160000 KHz AUTO), (N/A, 2300 mBm), (N/A)
cfg80211:   (5250000 KHz - 5330000 KHz @ 80000 KHz, 160000 KHz AUTO), (N/A, 2300 mBm), (0 s)
cfg80211:   (5490000 KHz - 5730000 KHz @ 160000 KHz), (N/A, 2300 mBm), (0 s)
cfg80211:   (5735000 KHz - 5835000 KHz @ 80000 KHz), (N/A, 3000 mBm), (N/A)
cfg80211:   (57240000 KHz - 63720000 KHz @ 2160000 KHz), (N/A, 4000 mBm), (N/A)
systemd-journald[137]: Received request to flush runtime journal from PID 1
systemd-journald[137]: Received request to flush runtime journal from PID 1
Adding 102396k swap on /var/swap.  Priority:-1 extents:2 across:110588k SSFS
systemd-journald[137]: Received request to flush runtime journal from PID 1
systemd-journald[137]: Received request to flush runtime journal from PID 1
Adding 102396k swap on /var/swap.  Priority:-1 extents:2 across:110588k SSFS
