MemTotal:         947728 kB
MemFree:          798692 kB
MemAvailable:     825352 kB
Buffers:           15540 kB
Cached:            60304 kB
SwapCached:         1228 kB
Active:            78740 kB
Inactive:          33544 kB
Active(anon):      26432 kB
Inactive(anon):    22328 kB
Active(file):      52308 kB
Inactive(file):    11216 kB
Unevictable:           0 kB
Mlocked:               0 kB
SwapTotal:        102396 kB
SwapFree:          75704 kB
Dirty:               164 kB
Writeback:           444 kB
AnonPages:         35368 kB
Mapped:            25828 kB
Shmem:             12416 kB
Slab:              21144 kB
SReclaimable:       8188 kB
SUnreclaim:        12956 kB
KernelStack:        1152 kB
PageTables:         1812 kB
NFS_Unstable:          0 kB
Bounce:                0 kB
WritebackTmp:          0 kB
CommitLimit:      576260 kB
Committed_AS:     224636 kB
VmallocTotal:    1114112 kB
VmallocUsed:           0 kB
VmallocChunk:          0 kB
CmaTotal:           8192 kB
CmaFree:            3720 kB
