MemTotal:         947728 kB
MemFree:          380060 kB
MemAvailable:     819376 kB
Buffers:           21584 kB
Cached:           464932 kB
SwapCached:            0 kB
Active:           472744 kB
Inactive:          54880 kB
Active(anon):      41328 kB
Inactive(anon):    11768 kB
Active(file):     431416 kB
Inactive(file):    43112 kB
Unevictable:           0 kB
Mlocked:               0 kB
SwapTotal:        102396 kB
SwapFree:         102396 kB
Dirty:                12 kB
Writeback:          1052 kB
AnonPages:         41004 kB
Mapped:            37648 kB
Shmem:             12092 kB
Slab:              24860 kB
SReclaimable:      11496 kB
SUnreclaim:        13364 kB
KernelStack:        1120 kB
PageTables:         1608 kB
NFS_Unstable:          0 kB
Bounce:                0 kB
WritebackTmp:          0 kB
CommitLimit:      576260 kB
Committed_AS:     202624 kB
VmallocTotal:    1114112 kB
VmallocUsed:           0 kB
VmallocChunk:          0 kB
CmaTotal:           8192 kB
CmaFree:            3724 kB
