MemTotal:         947728 kB
MemFree:          859156 kB
MemAvailable:     855548 kB
Buffers:            2212 kB
Cached:            26400 kB
SwapCached:         1752 kB
Active:            19432 kB
Inactive:          32668 kB
Active(anon):       6344 kB
Inactive(anon):    19800 kB
Active(file):      13088 kB
Inactive(file):    12868 kB
Unevictable:           0 kB
Mlocked:               0 kB
SwapTotal:        102396 kB
SwapFree:          55612 kB
Dirty:               100 kB
Writeback:             4 kB
AnonPages:         22172 kB
Mapped:            17664 kB
Shmem:              2552 kB
Slab:              21040 kB
SReclaimable:       7780 kB
SUnreclaim:        13260 kB
KernelStack:        1152 kB
PageTables:         1800 kB
NFS_Unstable:          0 kB
Bounce:                0 kB
WritebackTmp:          0 kB
CommitLimit:      576260 kB
Committed_AS:     220292 kB
VmallocTotal:    1114112 kB
VmallocUsed:           0 kB
VmallocChunk:          0 kB
CmaTotal:           8192 kB
CmaFree:            3720 kB
