MemTotal:         947144 kB
MemFree:          465016 kB
MemAvailable:     826884 kB
Buffers:           18424 kB
Cached:           391056 kB
SwapCached:            0 kB
Active:           409592 kB
Inactive:          39828 kB
Active(anon):      40260 kB
Inactive(anon):    11448 kB
Active(file):     369332 kB
Inactive(file):    28380 kB
Unevictable:           0 kB
Mlocked:               0 kB
SwapTotal:        102396 kB
SwapFree:         102396 kB
Dirty:                20 kB
Writeback:             0 kB
AnonPages:         39984 kB
Mapped:            37300 kB
Shmem:             11724 kB
Slab:              18420 kB
SReclaimable:      10232 kB
SUnreclaim:         8188 kB
KernelStack:        1312 kB
PageTables:         1528 kB
NFS_Unstable:          0 kB
Bounce:                0 kB
WritebackTmp:          0 kB
CommitLimit:      575968 kB
Committed_AS:     214956 kB
VmallocTotal:    1114112 kB
VmallocUsed:           0 kB
VmallocChunk:          0 kB
CmaTotal:           8192 kB
CmaFree:            3736 kB
