MemTotal:         947728 kB
MemFree:          852648 kB
MemAvailable:     848048 kB
Buffers:            4944 kB
Cached:            27932 kB
SwapCached:         1272 kB
Active:            19556 kB
Inactive:          40124 kB
Active(anon):       3704 kB
Inactive(anon):    31724 kB
Active(file):      15852 kB
Inactive(file):     8400 kB
Unevictable:           0 kB
Mlocked:               0 kB
SwapTotal:        102396 kB
SwapFree:          65716 kB
Dirty:                24 kB
Writeback:            84 kB
AnonPages:         25788 kB
Mapped:            17356 kB
Shmem:              8608 kB
Slab:              20904 kB
SReclaimable:       7500 kB
SUnreclaim:        13404 kB
KernelStack:        1152 kB
PageTables:         1796 kB
NFS_Unstable:          0 kB
Bounce:                0 kB
WritebackTmp:          0 kB
CommitLimit:      576260 kB
Committed_AS:     220880 kB
VmallocTotal:    1114112 kB
VmallocUsed:           0 kB
VmallocChunk:          0 kB
CmaTotal:           8192 kB
CmaFree:            3720 kB
