MemTotal:         947728 kB
MemFree:          853996 kB
MemAvailable:     851308 kB
Buffers:            4692 kB
Cached:            28624 kB
SwapCached:         1024 kB
Active:            21204 kB
Inactive:          36264 kB
Active(anon):       3736 kB
Inactive(anon):    25548 kB
Active(file):      17468 kB
Inactive(file):    10716 kB
Unevictable:           0 kB
Mlocked:               0 kB
SwapTotal:        102396 kB
SwapFree:          59628 kB
Dirty:               160 kB
Writeback:             0 kB
AnonPages:         23508 kB
Mapped:            19616 kB
Shmem:              4996 kB
Slab:              20716 kB
SReclaimable:       7396 kB
SUnreclaim:        13320 kB
KernelStack:        1152 kB
PageTables:         1796 kB
NFS_Unstable:          0 kB
Bounce:                0 kB
WritebackTmp:          0 kB
CommitLimit:      576260 kB
Committed_AS:     220916 kB
VmallocTotal:    1114112 kB
VmallocUsed:           0 kB
VmallocChunk:          0 kB
CmaTotal:           8192 kB
CmaFree:            3720 kB
