MemTotal:         947728 kB
MemFree:          377980 kB
MemAvailable:     819668 kB
Buffers:           23772 kB
Cached:           465220 kB
SwapCached:            0 kB
Active:           475468 kB
Inactive:          54864 kB
Active(anon):      41668 kB
Inactive(anon):    11768 kB
Active(file):     433800 kB
Inactive(file):    43096 kB
Unevictable:           0 kB
Mlocked:               0 kB
SwapTotal:        102396 kB
SwapFree:         102396 kB
Dirty:               144 kB
Writeback:          1244 kB
AnonPages:         41344 kB
Mapped:            37588 kB
Shmem:             12092 kB
Slab:              24484 kB
SReclaimable:      11500 kB
SUnreclaim:        12984 kB
KernelStack:        1120 kB
PageTables:         1612 kB
NFS_Unstable:          0 kB
Bounce:                0 kB
WritebackTmp:          0 kB
CommitLimit:      576260 kB
Committed_AS:     202928 kB
VmallocTotal:    1114112 kB
VmallocUsed:           0 kB
VmallocChunk:          0 kB
CmaTotal:           8192 kB
CmaFree:            3724 kB
