MemTotal:         947144 kB
MemFree:          834368 kB
MemAvailable:     831960 kB
Buffers:            3016 kB
Cached:            31032 kB
SwapCached:         2988 kB
Active:            38536 kB
Inactive:          42432 kB
Active(anon):      23928 kB
Inactive(anon):    27772 kB
Active(file):      14608 kB
Inactive(file):    14660 kB
Unevictable:           0 kB
Mlocked:               0 kB
SwapTotal:        102396 kB
SwapFree:          72248 kB
Dirty:               184 kB
Writeback:          1492 kB
AnonPages:         44508 kB
Mapped:            20572 kB
Shmem:              4780 kB
Slab:              16624 kB
SReclaimable:       6868 kB
SUnreclaim:         9756 kB
KernelStack:        1376 kB
PageTables:         1796 kB
NFS_Unstable:          0 kB
Bounce:                0 kB
WritebackTmp:          0 kB
CommitLimit:      575968 kB
Committed_AS:     246136 kB
VmallocTotal:    1114112 kB
VmallocUsed:           0 kB
VmallocChunk:          0 kB
CmaTotal:           8192 kB
CmaFree:            3732 kB
